[www.mentegoz.com/index.html]
[backblue.gif]
[fade.gif]
[index.html]
[www.mentegoz.com/web/assets/img/woman2.webp]
[www.mentegoz.com/web/assets/img/ment-favicon.webp]
[cdn.jsdelivr.net/npm/bootstrap@5.1.3/dist/css/bootstrap.min.css]
[cdnjs.cloudflare.com/ajax/libs/OwlCarousel2/2.3.4/assets/owl.carousel.min.css]
[cdnjs.cloudflare.com/ajax/libs/OwlCarousel2/2.3.4/assets/owl.theme.default.min.css]
[cdnjs.cloudflare.com/ajax/libs/animate.css/3.2.3/animate.min.css]
[cdn.jsdelivr.net/npm/slick-carousel@1.8.1/slick/slick.css]
[cdn.jsdelivr.net/npm/slick-carousel@1.8.1/slick/slick-theme.css]
[cdn-uicons.flaticon.com/uicons-solid-rounded/css/uicons-solid-rounded.css]
[www.mentegoz.com/web/assets/css/style1.css]
[connect.facebook.net/en_US/fbevents.js]
[www.mentegoz.com/cdn-cgi/l/email-protection.html]
[www.mentegoz.com/cdn-cgi/scripts/5c5dd728/cloudflare-static/email-decode.min.js]
[www.mentegoz.com/web/assets/img/loader/ment-loader.gif]
[www.mentegoz.com/index-2.html]
[www.mentegoz.com/web/assets/img/logo-2.webp]
[www.mentegoz.com/web/assets/img/canvas-icon.webp]
[www.mentegoz.com/about.html]
[www.mentegoz.com/services.html]
[www.mentegoz.com/web-design.html]
[www.mentegoz.com/seo-company-kozhikode-kerala.html]
[www.mentegoz.com/digital-marketing-company-kozhikode-kerala.html]
[www.mentegoz.com/product.html]
[www.mentegoz.com/portfolio.html]
[www.mentegoz.com/career.html]
[www.mentegoz.com/contact.html]
[www.mentegoz.com/web/assets/img/mentegoz-logo-blue.webp]
[www.mentegoz.com/web/assets/img/icons/country/india.webp]
[www.mentegoz.com/web/assets/img/icons/country/qatar.webp]
[www.mentegoz.com/web/assets/img/canvas-icon-blue.webp]
[www.mentegoz.com/web/assets/img/3d-element.webp]
[www.mentegoz.com/web/assets/img/3d-element-dark.webp]
[www.mentegoz.com/web/assets/img/icons/country/can-baner.webp]
[www.mentegoz.com/web/assets/img/icons/country/uae-banner.webp]
[www.mentegoz.com/web/assets/img/icons/country/usa-banner.webp]
[www.mentegoz.com/web/assets/img/banner-client-img-4.webp]
[www.mentegoz.com/web/assets/img/banner-client-img-5.webp]
[www.mentegoz.com/web/assets/img/banner-client-img-6.webp]
[www.mentegoz.com/web/assets/img/star-up-mission.webp]
[www.mentegoz.com/web/assets/img/banner-image-back.webp]
[www.mentegoz.com/web/assets/img/banner-vr-img.webp]
[www.mentegoz.com/upload/client_image/1713258449_2054430844.png]
[www.mentegoz.com/upload/client_image/1713258449_933301108.png]
[www.mentegoz.com/upload/client_image/1713258336_864283372.png]
[www.mentegoz.com/upload/client_image/1713258336_398647995.png]
[www.mentegoz.com/upload/client_image/1713251970_659009603.png]
[www.mentegoz.com/upload/client_image/1713251970_1807928330.png]
[www.mentegoz.com/upload/client_image/1713251906_1547274538.png]
[www.mentegoz.com/upload/client_image/1713251906_956693582.png]
[www.mentegoz.com/upload/client_image/1713250647_1325788295.png]
[www.mentegoz.com/upload/client_image/1713250647_1911700549.png]
[www.mentegoz.com/upload/client_image/1713247915_2102151377.png]
[www.mentegoz.com/upload/client_image/1713247915_223187400.png]
[www.mentegoz.com/upload/client_image/1713247806_1727469674.png]
[www.mentegoz.com/upload/client_image/1713247806_133281804.png]
[www.mentegoz.com/upload/client_image/1713246208_163906361.png]
[www.mentegoz.com/upload/client_image/1713246208_398766424.png]
[www.mentegoz.com/upload/client_image/1713246118_946395754.png]
[www.mentegoz.com/upload/client_image/1713246118_1477035418.png]
[www.mentegoz.com/upload/client_image/1713246047_297596943.png]
[www.mentegoz.com/upload/client_image/1713246047_273383864.png]
[www.mentegoz.com/upload/client_image/1713245910_240802011.png]
[www.mentegoz.com/upload/client_image/1713245910_527463365.png]
[www.mentegoz.com/upload/client_image/1713244901_487259488.png]
[www.mentegoz.com/upload/client_image/1713244901_485778767.png]
[www.mentegoz.com/upload/client_image/1713182289_2077600416.png]
[www.mentegoz.com/upload/client_image/1713182289_1082297781.png]
[www.mentegoz.com/upload/client_image/1701870750_2096487188.webp]
[www.mentegoz.com/upload/client_image/1701870750_1270367752.webp]
[www.mentegoz.com/upload/client_image/1701865326_1941017450.png]
[www.mentegoz.com/upload/client_image/1701865326_1934691544.png]
[www.mentegoz.com/upload/client_image/1701834053_128414804.png]
[www.mentegoz.com/upload/client_image/1701834053_7501207.png]
[www.mentegoz.com/upload/client_image/1713252039_896350911.png]
[www.mentegoz.com/upload/client_image/1713252039_849379060.png]
[www.mentegoz.com/upload/client_image/1713258205_1773890312.png]
[www.mentegoz.com/upload/client_image/1713258205_429825815.png]
[www.mentegoz.com/upload/client_image/1713258065_1653611764.png]
[www.mentegoz.com/upload/client_image/1713258065_1726524089.png]
[www.mentegoz.com/upload/client_image/1713258688_2044891050.png]
[www.mentegoz.com/upload/client_image/1713258688_1765737317.png]
[www.mentegoz.com/upload/client_image/1713250091_496306958.png]
[www.mentegoz.com/upload/client_image/1713250091_1080979287.png]
[www.mentegoz.com/upload/client_image/1713258487_894231160.png]
[www.mentegoz.com/upload/client_image/1713258487_699715754.png]
[www.mentegoz.com/upload/client_image/1713251990_765087063.png]
[www.mentegoz.com/upload/client_image/1713251990_255086020.png]
[www.mentegoz.com/upload/client_image/1713251942_753794313.png]
[www.mentegoz.com/upload/client_image/1713251942_352648646.png]
[www.mentegoz.com/upload/client_image/1713250673_1681188517.png]
[www.mentegoz.com/upload/client_image/1713250673_53406793.png]
[www.mentegoz.com/upload/client_image/1713258253_1397127289.png]
[www.mentegoz.com/upload/client_image/1713258253_1640712392.png]
[www.mentegoz.com/upload/client_image/1713248027_295268346.png]
[www.mentegoz.com/upload/client_image/1713248027_434256024.png]
[www.mentegoz.com/upload/client_image/1713247875_1422145549.png]
[www.mentegoz.com/upload/client_image/1713247875_425404780.png]
[www.mentegoz.com/upload/client_image/1713247769_1718419563.png]
[www.mentegoz.com/upload/client_image/1713247769_1863146375.png]
[www.mentegoz.com/upload/client_image/1713246144_1609055658.png]
[www.mentegoz.com/upload/client_image/1713246144_879857630.png]
[www.mentegoz.com/upload/client_image/1713246080_1550478066.png]
[www.mentegoz.com/upload/client_image/1713246080_508705942.png]
[www.mentegoz.com/upload/client_image/1713245946_1682350041.png]
[www.mentegoz.com/upload/client_image/1713245946_1952958837.png]
[www.mentegoz.com/upload/client_image/1713244929_87409963.png]
[www.mentegoz.com/upload/client_image/1713244929_1522594182.png]
[www.mentegoz.com/upload/client_image/1713244850_817532684.png]
[www.mentegoz.com/upload/client_image/1713244850_406183355.png]
[www.mentegoz.com/upload/client_image/1713182036_1261030584.png]
[www.mentegoz.com/upload/client_image/1713182036_787603202.png]
[www.mentegoz.com/upload/client_image/1701870398_1992196321.webp]
[www.mentegoz.com/upload/client_image/1701870398_1194329154.webp]
[www.mentegoz.com/upload/client_image/1702275794_1651347196.png]
[www.mentegoz.com/upload/client_image/1702275794_2101341641.png]
[www.mentegoz.com/upload/client_image/1713258143_1848706880.png]
[www.mentegoz.com/upload/client_image/1713258143_1894169793.png]
[www.mentegoz.com/upload/client_image/1713252067_1736226325.png]
[www.mentegoz.com/upload/client_image/1713252067_200918752.png]
[www.mentegoz.com/upload/client_image/1701510925_1220408887.png]
[www.mentegoz.com/upload/client_image/1701510925_1425424012.png]
[www.mentegoz.com/upload/client_image/1713250390_903063529.png]
[www.mentegoz.com/upload/client_image/1713250390_916259781.png]
[www.mentegoz.com/upload/client_image/1713258405_275893290.png]
[www.mentegoz.com/upload/client_image/1713258405_2119422770.png]
[www.mentegoz.com/clients.html]
[www.mentegoz.com/web/assets/img/about-img-3-demo.webp]
[www.mentegoz.com/web/assets/img/about-img-1-demo.webp]
[www.mentegoz.com/web/assets/img/about-img-2-demo.webp]
[www.mentegoz.com/web/assets/img/icons/html.webp]
[www.mentegoz.com/web/assets/img/icons/css-3.webp]
[www.mentegoz.com/web/assets/img/icons/javascript.webp]
[www.mentegoz.com/web/assets/img/icons/php.webp]
[www.mentegoz.com/web/assets/img/icons/bootstrap.webp]
[www.mentegoz.com/web/assets/img/icons/python.webp]
[www.mentegoz.com/web/assets/img/icons/react.webp]
[www.mentegoz.com/web/assets/img/icons/mysql.webp]
[www.mentegoz.com/web/assets/img/icons/laravel.webp]
[www.mentegoz.com/web/assets/img/icons/wordpress.webp]
[www.mentegoz.com/web/assets/img/portfolio/brainzone.webp]
[www.mentegoz.com/web/assets/img/portfolio/ecoking/ecoking1.webp]
[www.mentegoz.com/web/assets/img/portfolio/abs/abs.webp]
[www.mentegoz.com/web/assets/img/service-section/web-serv.webp]
[www.mentegoz.com/web/assets/img/icons/yoast.webp]
[www.mentegoz.com/web/assets/img/icons/semrush.png]
[www.mentegoz.com/web/assets/img/icons/google-analyhtics.png]
[www.mentegoz.com/web/assets/img/latest-projects3.webp]
[www.mentegoz.com/web/assets/img/latest-projects2.webp]
[www.mentegoz.com/web/assets/img/latest-projects1.webp]
[www.mentegoz.com/web/assets/img/service-section/app-serv.png]
[www.mentegoz.com/web/assets/img/icons/photoshop.webp]
[www.mentegoz.com/web/assets/img/icons/ai.webp]
[www.mentegoz.com/web/assets/img/icons/indesign.webp]
[www.mentegoz.com/web/assets/img/icons/after.webp]
[www.mentegoz.com/web/assets/img/icons/premiere-pro.webp]
[www.mentegoz.com/web/assets/img/icons/corel.webp]
[www.mentegoz.com/web/assets/img/service-section/branding-serv.webp]
[www.mentegoz.com/web/assets/img/icons/meta.webp]
[www.mentegoz.com/web/assets/img/icons/googleads.webp]
[www.mentegoz.com/web/assets/img/icons/google.webp]
[www.mentegoz.com/web/assets/img/icons/instagram.webp]
[www.mentegoz.com/web/assets/img/icons/facebook.webp]
[www.mentegoz.com/web/assets/img/icons/linkedin.webp]
[www.mentegoz.com/web/assets/img/service-section/digital-marketing-serv.webp]
[www.mentegoz.com/web/assets/img/icons/figma.webp]
[www.mentegoz.com/web/assets/img/icons/xd.webp]
[www.mentegoz.com/web/assets/img/icons/sketch.webp]
[www.mentegoz.com/web/assets/img/service-section/ui-serv.webp]
[www.mentegoz.com/web/assets/img/rocket.webp]
[www.mentegoz.com/contact.php]
[www.mentegoz.com/web/assets/img/mentegoz-eye.webp]
[www.mentegoz.com/web/assets/img/why-choose/quality.webp]
[www.mentegoz.com/web/assets/img/why-choose/innovation.webp]
[www.mentegoz.com/web/assets/img/why-choose/creativity.webp]
[www.mentegoz.com/web/assets/img/why-choose/professional.webp]
[www.mentegoz.com/web/assets/img/mentegoz-eye_blue.webp]
[www.mentegoz.com/web/assets/img/world-map2.webp]
[www.mentegoz.com/web/assets/img/location.webp]
[www.mentegoz.com/web/assets/img/icons/country/united-arab-emirates.webp]
[www.mentegoz.com/web/assets/img/icons/country/oman.webp]
[www.mentegoz.com/web/assets/img/icons/country/saudi-arabia.webp]
[www.mentegoz.com/web/assets/img/icons/country/kuwait.webp]
[www.mentegoz.com/web/assets/img/icons/country/united-states.webp]
[www.mentegoz.com/web/assets/img/icons/country/canada.webp]
[www.mentegoz.com/web/assets/img/icons/country/bahrain.webp]
[www.mentegoz.com/web/assets/img/icons/country/singapore.webp]
[www.mentegoz.com/web/assets/img/icons/country/new-zealand.webp]
[www.mentegoz.com/web/assets/img/product/proffin-logo.webp]
[www.mentegoz.com/web/assets/img/product/proffin-logo-dark.webp]
[www.mentegoz.com/web/assets/img/product/mosbill_logo.webp]
[www.mentegoz.com/web/assets/img/product/easyrent_logo.webp]
[www.mentegoz.com/web/assets/img/product/easyrent_logo-dark.webp]
[www.mentegoz.com/web/assets/img/product/hrmls_logo.webp]
[www.mentegoz.com/web/assets/img/product/medi-clinik-logo.webp]
[www.mentegoz.com/web/assets/img/scnd-cta.webp]
[www.mentegoz.com/web/assets/img/scnd-cta-cloud.webp]
[www.mentegoz.com/web/assets/img/scnd-cta-wifi.webp]
[www.mentegoz.com/upload/testimonial_image/1701831859.jpg]
[www.mentegoz.com/upload/testimonial_image/1701831550.webp]
[www.mentegoz.com/upload/testimonial_image/1701831650.webp]
[www.mentegoz.com/upload/testimonial_image/1701831487.webp]
[www.mentegoz.com/testimonial.html]
[www.mentegoz.com/web/assets/img/contact-top-logo.webp]
[www.mentegoz.com/web/assets/img/contact/inform.webp]
[www.mentegoz.com/web/assets/img/contact/internet.webp]
[www.mentegoz.com/web/assets/img/contact/pictures.webp]
[www.mentegoz.com/web/assets/img/contact/suitcase.webp]
[www.mentegoz.com/upload/blog_image/1740489514.webp]
[www.mentegoz.com/web/assets/img/blog/calender-icn.webp]
[www.mentegoz.com/blog-inner-page/seo-for-resorts-boost-visibility-get-more-free-enquiries.html]
[www.mentegoz.com/upload/blog_image/1739624057.jpg]
[www.mentegoz.com/blog-inner-page/google-ads-vs-meta-which-is-better.html]
[www.mentegoz.com/upload/blog_image/1737803712.jpg]
[www.mentegoz.com/blog-inner-page/ahref-vs-semrush.html]
[www.mentegoz.com/upload/blog_image/1737177409.webp]
[www.mentegoz.com/blog-inner-page/seo-trends-in-2025.html]
[www.mentegoz.com/upload/blog_image/1720679911.webp]
[www.mentegoz.com/blog-inner-page/trending-courses-in-kerala.html]
[www.mentegoz.com/upload/blog_image/1725293721.jpg]
[www.mentegoz.com/blog-inner-page/which-platform-is-best-for-digital-marketing-a-comprehensive-guide-for-2024.html]
[www.mentegoz.com/blog-page.html]
[www.mentegoz.com/web/assets/img/footer/top-divider.webp]
[www.mentegoz.com/web/assets/img/footer/top-divider-dark.webp]
[www.mentegoz.com/web/assets/img/footer/footer-logo-dark.webp]
[www.mentegoz.com/web/assets/img/footer/bottom-divider.webp]
[www.mentegoz.com/web/assets/img/footer/bottom-divider-dark.webp]
[www.mentegoz.com/privacy-policy.html]
[www.mentegoz.com/terms-and-conditions.html]
[www.mentegoz.com/sitemap.xml]
[ajax.googleapis.com/ajax/libs/jquery/3.6.0/jquery.min.js]
[www.google.com/recaptcha/apib85a.js]
[code.jquery.com/jquery-3.6.2.js]
[cdn.jsdelivr.net/npm/@popperjs/core@2.11.7/dist/umd/popper.min.js]
[cdn.jsdelivr.net/npm/bootstrap@5.0.2/dist/js/bootstrap.bundle.min.js]
[kit.fontawesome.com/275b00d5ce.js]
[www.mentegoz.com/web/assets/js/jquery.waypoints.min.js]
[www.mentegoz.com/web/assets/js/jquery.countup.js]
[www.mentegoz.com/web/assets/js/owl.carousel.js]
[cdn.jsdelivr.net/npm/slick-carousel@1.8.1/slick/slick.min.js]
[www.mentegoz.com/web/assets/js/SmoothScrollMouseWheel.js]
[www.mentegoz.com/web/assets/js/main1.js]
[www.mentegoz.com/web/assets/js/darkmode.js]
[www.mentegoz.com/web/assets/js/offcanvas.js]
[www.mentegoz.com/web/assets/js/modal.js]
[unpkg.com/aos@2.3.1/dist/aos.js]
[cdnjs.cloudflare.com/ajax/libs/gsap/3.12.3/gsap.min.js]
[cdnjs.cloudflare.com/ajax/libs/gsap/3.12.3/ScrollTrigger.min.js]
[www.mentegoz.com/index.html]
[cdn.jsdelivr.net/npm/bootstrap@5.1.3/dist/css/bootstrap.min.css]
[www.mentegoz.com/web/assets/js/service-scroll.js]
[cdnjs.cloudflare.com/ajax/libs/OwlCarousel2/2.3.4/assets/owl.video.play.png]
[cdnjs.cloudflare.com/ajax/libs/OwlCarousel2/2.3.4/assets/owl.carousel.min.css]
[cdnjs.cloudflare.com/ajax/libs/OwlCarousel2/2.3.4/assets/owl.theme.default.min.css]
[cdnjs.cloudflare.com/ajax/libs/animate.css/3.2.3/animate.min.css]
[cdn.jsdelivr.net/npm/slick-carousel@1.8.1/slick/slick.css]
[cdn.jsdelivr.net/npm/slick-carousel@1.8.1/slick/ajax-loader.gif]
[cdn.jsdelivr.net/npm/slick-carousel@1.8.1/slick/fonts/slick.eot]
[cdn.jsdelivr.net/npm/slick-carousel@1.8.1/slick/fonts/slickd41d.eot]
[cdn.jsdelivr.net/npm/slick-carousel@1.8.1/slick/fonts/slick.woff]
[cdn.jsdelivr.net/npm/slick-carousel@1.8.1/slick/fonts/slick.ttf]
[cdn.jsdelivr.net/npm/slick-carousel@1.8.1/slick/slick-theme.css]
[cdn-uicons.flaticon.com/uicons-solid-rounded/css/uicons-solid-rounded.css]
[cdn.jsdelivr.net/npm/slick-carousel@1.8.1/slick/fonts/slick.svg]
[www.mentegoz.com/web/assets/img/svg/under-light.svg]
[www.mentegoz.com/web/assets/img/svg/under-dark.svg]
[www.mentegoz.com/web/assets/img/sm-icon/white-btn-left.webp]
[www.mentegoz.com/web/assets/img/sm-icon/white-btn-right.webp]
[www.mentegoz.com/web/assets/img/sm-icon/blue-btn-left.webp]
[www.mentegoz.com/web/assets/img/sm-icon/blue-btn-right.webp]
[www.mentegoz.com/web/assets/img/testimonial-bg2.webp]
[www.mentegoz.com/web/assets/img/footer/bg-footer.webp]
[www.mentegoz.com/web/assets/img/footer/bg-footer-dark-2.webp]
[www.mentegoz.com/web/assets/css/style1.css]
[www.googletagmanager.com/gtm5445.html]
[www.mentegoz.com/a.10c.delayed]
[www.mentegoz.com/POST]
[www.mentegoz.com/b.resolvedLink]
[www.mentegoz.com/signals/iwl.js]
[connect.facebook.net/en_US/fbevents.js]
[www.mentegoz.com/cdn-cgi/l/email-protection.html]
[www.mentegoz.com/index-2.html]
[unpkg.com/aos@2.3.1/dist/aos.css]
[www.mentegoz.com/web/assets/css/style2.css]
[www.mentegoz.com/web/assets/img/about-pg-slider/about-bg-video.mp4]
[www.mentegoz.com/transparent.114.delayed]
[www.mentegoz.com/web/assets/img/about-pg-slider/mentegoz-family.webp]
[www.mentegoz.com/web/assets/img/about-tabs/vision.webp]
[www.mentegoz.com/web/assets/img/about-tabs/misison.webp]
[www.mentegoz.com/web/assets/img/about-tabs/quality.webp]
[www.mentegoz.com/web/assets/img/about-tabs/service.webp]
[unpkg.com/@lottiefiles/lottie-player@2.0.12/dist/lottie-player.js]
[www.mentegoz.com/web/assets/js/gsap-latest-beta.min.js]
[www.mentegoz.com/web/assets/js/ScrollTrigger.min.js]
[www.mentegoz.com/web/assets/js/growImg.js]
[cdnjs.cloudflare.com/ajax/libs/OwlCarousel2/2.3.4/owl.carousel.js]
[www.mentegoz.com/about.html]
[www.mentegoz.com/web/assets/js/main2.js]
[www.mentegoz.com/web/assets/css/style3.css]
[unpkg.com/gsap@3.12.7/dist/gsap.min.js]
[unpkg.com/gsap@3.12.7/dist/ScrollTrigger.min.js]
[www.mentegoz.com/services.html]
[www.mentegoz.com/web/assets/js/service-page-scroll.js]
[unpkg.com/aos@3.0.0-beta.6/dist/aos.css]
[www.mentegoz.com/web/assets/img/web-design/round.webp]
[www.mentegoz.com/web/assets/img/web-design/website-banner-inner.webp]
[www.mentegoz.com/web/assets/img/web-design/website-banner-inner-dark.webp]
[www.mentegoz.com/web/assets/img/web-design/web-dev.webp]
[www.mentegoz.com/web/assets/img/web-design/wordpress.webp]
[www.mentegoz.com/web/assets/img/web-design/ecommerce.webp]
[www.mentegoz.com/web/assets/img/web-design/ux.webp]
[www.mentegoz.com/web/assets/img/web-design/cms.webp]
[www.mentegoz.com/web/assets/img/web-design/static.webp]
[www.mentegoz.com/web/assets/img/web-design/web-img.webp]
[www.mentegoz.com/portfolio-details/arabian-business-solution.html]
[www.mentegoz.com/upload/project/bnr1697193090.jpg]
[www.mentegoz.com/portfolio-details/mavens-education.html]
[www.mentegoz.com/upload/project/bnr1702020130.webp]
[www.mentegoz.com/portfolio-details/amal-management-consulting-solutions.html]
[www.mentegoz.com/upload/project/bnr1702038181.webp]
[www.mentegoz.com/portfolio-details/uru-for-you.html]
[www.mentegoz.com/upload/project/bnr1702892496.webp]
[www.mentegoz.com/portfolio-details/talen-corporation.html]
[www.mentegoz.com/upload/project/bnr1704282914.webp]
[www.mentegoz.com/portfolio-details/v-trust-eye-hospital.html]
[www.mentegoz.com/upload/project/bnr1704285072.webp]
[www.mentegoz.com/portfolio-details/arclan.html]
[www.mentegoz.com/upload/project/bnr1706686782.jpg]
[www.mentegoz.com/portfolio-details/ledger-gate-academy.html]
[www.mentegoz.com/upload/project/bnr1714462165.webp]
[www.mentegoz.com/portfolio-details/gruphexa.html]
[www.mentegoz.com/upload/project/bnr1711777757.webp]
[www.mentegoz.com/portfolio-details/saja-constructions.html]
[www.mentegoz.com/upload/project/bnr1714468004.webp]
[www.mentegoz.com/web/assets/img/icons/shopify.webp]
[www.mentegoz.com/web/assets/img/fayis1.webp]
[cdnjs.cloudflare.com/ajax/libs/gsap/3.4.0/gsap.min.js]
[cdnjs.cloudflare.com/ajax/libs/gsap/3.3.3/ScrollTrigger.min.js]
[www.mentegoz.com/web-design.html]
[www.mentegoz.com/web/assets/js/image-reveal.js]
[www.mentegoz.com/web/assets/img/seo/best-seo-company-calicut-kerala.webp]
[www.mentegoz.com/web/assets/img/seo/best-seo-company-in-calicut-kerala.webp]
[www.mentegoz.com/web/assets/css/bootstrap.min.css]
[www.mentegoz.com/web/assets/img/seo/seo-company-in-calicut.webp]
[www.mentegoz.com/web/assets/img/seo/seo-agency-in-kerala.webp]
[www.mentegoz.com/web/assets/img/seo/professional-seo-company-calicut-kerala.webp]
[www.mentegoz.com/web/assets/img/seo/top-seo-company-in-kerala.webp]
[www.mentegoz.com/web/assets/img/seo/seo-expert-in-kerala.webp]
[www.mentegoz.com/web/assets/img/seo/mentegoz-seo-result-Ledgergate.webp]
[www.mentegoz.com/web/assets/img/seo/mentegoz-seo-result-vitamin-qatar.webp]
[www.mentegoz.com/web/assets/img/seo/mentegoz-seo-report-antes.webp]
[www.mentegoz.com/web/assets/img/seo/mentegoz-seo-result-inventnext.webp]
[www.mentegoz.com/web/assets/img/seo/mentegoz-seo-result-dynamicventilation.webp]
[www.mentegoz.com/web/assets/img/seo/seo-company-calicut-kerala.webp]
[www.mentegoz.com/seo-company-kozhikode-kerala.html]
[www.mentegoz.com/web/assets/css/font-awesomemin.css]
[www.mentegoz.com/web/assets/css/style4.css]
[www.mentegoz.com/web/assets/img/digital-marketing/Digital-marketing.png]
[www.mentegoz.com/web/assets/img/digital-marketing/mob-banner.png]
[www.mentegoz.com/web/assets/img/digital-marketing/digital-marketing-about.png]
[www.mentegoz.com/web/assets/img/seo/leading-seo-company-kerala.webp]
[www.mentegoz.com/web/assets/img/digital-marketing/dmabt.png]
[www.mentegoz.com/digital-marketing-company-kozhikode-kerala.html]
[www.mentegoz.com/web/assets/img/3d-icons/quality.webp]
[www.mentegoz.com/web/assets/img/3d-icons/design.webp]
[www.mentegoz.com/web/assets/img/3d-icons/guarantee.webp]
[www.mentegoz.com/web/assets/img/3d-icons/support.webp]
[www.mentegoz.com/web/assets/img/product/ems_logo.webp]
[www.mentegoz.com/product.html]
[cdnjs.cloudflare.com/ajax/libs/jquery.isotope/3.0.6/isotope.pkgd.min.js]
[www.mentegoz.com/portfolio.html]
[www.mentegoz.com/career.html]
[www.mentegoz.com/contact.html]
[www.mentegoz.com/web/assets/js/career-modal.js]
[www.mentegoz.com/web/assets/img/loader/ment-loader-dark.gif]
[www.mentegoz.com/clients.html]
[www.mentegoz.com/contact-2.html]
[www.mentegoz.com/testimonial.html]
[www.mentegoz.com/blog-inner-page/seo-for-resorts-boost-visibility-get-more-free-enquiries.html]
[www.mentegoz.com/blog-inner-page/google-ads-vs-meta-which-is-better.html]
[www.mentegoz.com/blog-inner-page/ahref-vs-semrush.html]
[www.mentegoz.com/blog-inner-page/seo-trends-in-2025.html]
[www.mentegoz.com/cdn-cgi/scripts/email-decode.min.js-cb/cloudflare-static/email-decode.min.js]
[www.mentegoz.com/blog-inner-page/trending-courses-in-kerala.html]
[www.mentegoz.com/blog-inner-page/which-platform-is-best-for-digital-marketing-a-comprehensive-guide-for-2024.html]
[www.mentegoz.com/upload/blog_image/1720176223.webp]
[www.mentegoz.com/blog-inner-page/seo-vs-ppc-which-is-better.html]
[www.mentegoz.com/upload/blog_image/1712135377.webp]
[www.mentegoz.com/blog-inner-page/common-seo-mistakes-to-avoid-tips-for-long-term-success.html]
[www.mentegoz.com/upload/blog_image/1711191491.jpg]
[www.mentegoz.com/blog-page.html]
[www.mentegoz.com/privacy-policy.html]
[www.mentegoz.com/terms-and-conditions.html]
[www.mentegoz.com/web/assets/js/jquery.waypoints.min.js]
[www.mentegoz.com/web/assets/js/jquery.countup.js]
[www.mentegoz.com/web/assets/js/owl.carousel.js]
[www.mentegoz.com/web/assets/js/SmoothScrollMouseWheel.js]
[www.mentegoz.com/web/assets/js/main1.js]
[www.mentegoz.com/web/assets/js/darkmode.js]
[www.mentegoz.com/web/assets/js/offcanvas.js]
[www.mentegoz.com/web/assets/js/modal.js]
[www.mentegoz.com/web/assets/js/service-scroll.js]
[www.mentegoz.com/blog-inner-page/the-evolution-of-seo-trends-and-strategies-for-2024.html]
[cdn.jsdelivr.net/npm/slick-carousel@1.8.1/slick/fonts/slick.svg]
[www.mentegoz.com/web/assets/img/svg/under-light.svg]
[www.mentegoz.com/web/assets/img/svg/under-dark.svg]
[www.mentegoz.com/a.html]
[www.mentegoz.com/POST.html]
[www.mentegoz.com/schema.org]
[www.mentegoz.com/schema.org/index.html]
[www.mentegoz.com/b.html]
[www.mentegoz.com/signals/iwl.html]
[cdnjs.cloudflare.com/ajax/libs/font-awesome/6.2.1/css/all.min.css]
[unpkg.com/aos@2.3.1/dist/aos.css]
[www.mentegoz.com/web/assets/img/sm-icon/prev.webp]
[www.mentegoz.com/web/assets/img/sm-icon/next.webp]
[www.mentegoz.com/web/assets/img/about-pg/creative.webp]
[www.mentegoz.com/web/assets/img/about-pg/qualified-employees.webp]
[www.mentegoz.com/web/assets/img/about-pg/technology-1.webp]
[www.mentegoz.com/web/assets/img/about-pg/suppot.webp]
[www.mentegoz.com/web/assets/img/about-pg-slider/about-team.webp]
[www.mentegoz.com/web/assets/css/style2.css]
[www.mentegoz.com/transparent.html]
[www.mentegoz.com/web/assets/js/gsap-latest-beta.min.js]
[www.mentegoz.com/web/assets/js/ScrollTrigger.min.js]
[www.mentegoz.com/web/assets/js/growImg.js]
[www.mentegoz.com/web/assets/js/main2.js]
[www.mentegoz.com/web/assets/css/style3.css]
[www.mentegoz.com/web/assets/js/service-page-scroll.js]
[unpkg.com/aos@3.0.0-beta.6/dist/aos.css]
[www.mentegoz.com/upload/project/lightlogo/1702034836.png]
[www.mentegoz.com/upload/project/darklogo/1702034836.png]
[www.mentegoz.com/upload/project/banner/bnr1697193090.jpg]
[www.mentegoz.com/upload/project_image/gallery/1725259574.jpg]
[www.mentegoz.com/upload/project_image/gallery/1725259626.jpg]
[www.mentegoz.com/upload/project/bnr1701871346.jpg]
[www.mentegoz.com/portfolio-details/brainzone-academy.html]
[www.mentegoz.com/upload/project/bnr1702044123.webp]
[www.mentegoz.com/portfolio-details/goldmine-sanger.html]
[www.mentegoz.com/portfolio-details/arabian-business-solution.html]
[www.mentegoz.com/web/assets/js/paralx.js]
[www.mentegoz.com/upload/project/lightlogo/1702020130.png]
[www.mentegoz.com/upload/project/darklogo/1702020130.png]
[www.mentegoz.com/upload/project/banner/bnr1702020130.webp]
[www.mentegoz.com/upload/project_image/gallery/1702028702.webp]
[www.mentegoz.com/upload/project_image/gallery/1702028812.webp]
[www.mentegoz.com/upload/project_image/gallery/1702028859.webp]
[www.mentegoz.com/portfolio-details/mavens-education.html]
[www.mentegoz.com/upload/project/lightlogo/1702038662.png]
[www.mentegoz.com/upload/project/darklogo/1702038662.png]
[www.mentegoz.com/upload/project/banner/bnr1702038181.webp]
[www.mentegoz.com/upload/project_image/gallery/1702038246.webp]
[www.mentegoz.com/upload/project_image/gallery/1702038277.webp]
[www.mentegoz.com/portfolio-details/amal-management-consulting-solutions.html]
[www.mentegoz.com/upload/project/lightlogo/1702892496.png]
[www.mentegoz.com/upload/project/darklogo/1702892496.png]
[www.mentegoz.com/upload/project/banner/bnr1702892496.webp]
[www.mentegoz.com/upload/project_image/gallery/1702969752.webp]
[www.mentegoz.com/upload/project_image/gallery/1702969871.webp]
[www.mentegoz.com/upload/project/bnr1702040416.webp]
[www.mentegoz.com/portfolio-details/uru-for-you.html]
[www.mentegoz.com/portfolio-details/jinchu-art.html]
[www.mentegoz.com/upload/project/lightlogo/1704282914.png]
[www.mentegoz.com/upload/project/darklogo/1704282914.webp]
[www.mentegoz.com/upload/project/banner/bnr1704282914.webp]
[www.mentegoz.com/upload/project_image/gallery/1704283488.webp]
[www.mentegoz.com/upload/project_image/gallery/1704283504.webp]
[www.mentegoz.com/portfolio-details/talen-corporation.html]
[www.mentegoz.com/upload/project/lightlogo/1704285072.png]
[www.mentegoz.com/upload/project/darklogo/1704285072.webp]
[www.mentegoz.com/upload/project/banner/bnr1704285072.webp]
[www.mentegoz.com/upload/project_image/gallery/1704285123.webp]
[www.mentegoz.com/upload/project_image/gallery/1704285147.webp]
[www.mentegoz.com/portfolio-details/v-trust-eye-hospital.html]
[www.mentegoz.com/upload/project/lightlogo/1706686782.png]
[www.mentegoz.com/upload/project/darklogo/1706686782.png]
[www.mentegoz.com/upload/project/banner/bnr1706686782.jpg]
[www.mentegoz.com/upload/project_image/gallery/1706687219.jpg]
[www.mentegoz.com/upload/project_image/gallery/1706687238.jpg]
[www.mentegoz.com/portfolio-details/arclan.html]
[www.mentegoz.com/upload/project/lightlogo/1714214896.png]
[www.mentegoz.com/upload/project/darklogo/1714214896.png]
[www.mentegoz.com/upload/project/banner/bnr1714462165.webp]
[www.mentegoz.com/upload/project_image/gallery/1714462266.webp]
[www.mentegoz.com/upload/project_image/gallery/1714462330.webp]
[www.mentegoz.com/portfolio-details/ledger-gate-academy.html]
[www.mentegoz.com/upload/project/lightlogo/1711778310.png]
[www.mentegoz.com/upload/project/darklogo/1711777757.svg]
[www.mentegoz.com/upload/project/banner/bnr1711777757.webp]
[www.mentegoz.com/upload/project_image/gallery/1711777800.webp]
[www.mentegoz.com/upload/project_image/gallery/1711777820.webp]
[www.mentegoz.com/portfolio-details/gruphexa.html]
[www.mentegoz.com/upload/project/lightlogo/1714473274.png]
[www.mentegoz.com/upload/project/darklogo/1714473274.png]
[www.mentegoz.com/upload/project/banner/bnr1714468004.webp]
[www.mentegoz.com/upload/project_image/gallery/1714468078.webp]
[www.mentegoz.com/upload/project_image/gallery/1714468113.webp]
[www.mentegoz.com/portfolio-details/saja-constructions.html]
[www.mentegoz.com/web/assets/js/image-reveal.js]
[www.mentegoz.com/web/assets/css/bootstrap.min.css]
[www.mentegoz.com/web/assets/webfonts/fa-brands-400.woff2]
[www.mentegoz.com/web/assets/webfonts/fa-brands-400.ttf]
[www.mentegoz.com/web/assets/webfonts/fa-regular-400.woff2]
[www.mentegoz.com/web/assets/webfonts/fa-regular-400.ttf]
[www.mentegoz.com/web/assets/webfonts/fa-solid-900.woff2]
[www.mentegoz.com/web/assets/webfonts/fa-solid-900.ttf]
[www.mentegoz.com/web/assets/webfonts/fa-v4compatibility.woff2]
[www.mentegoz.com/web/assets/webfonts/fa-v4compatibility.ttf]
[www.mentegoz.com/web/assets/css/font-awesomemin.css]
[www.mentegoz.com/web/assets/css/style4.css]
[www.mentegoz.com/web/assets/js/filter.js]
[www.mentegoz.com/web/assets/js/career-modal.js]
[www.mentegoz.com/cdn-cgi/scripts/email-decode.min.js-cb/cloudflare-static/email-decode.min.html]
[www.mentegoz.com/blog-inner-page/seo-vs-ppc-which-is-better.html]
[www.mentegoz.com/blog-inner-page/common-seo-mistakes-to-avoid-tips-for-long-term-success.html]
[www.mentegoz.com/blog-inner-page/the-evolution-of-seo-trends-and-strategies-for-2024.html]
[www.mentegoz.com/schema.html]
[www.mentegoz.com/upload/project/lightlogo/1701871346.png]
[www.mentegoz.com/upload/project/darklogo/1701871346.png]
[www.mentegoz.com/upload/project/banner/bnr1701871346.jpg]
[www.mentegoz.com/upload/project_image/gallery/1701871427.jpg]
[www.mentegoz.com/upload/project_image/gallery/1702031913.jpg]
[www.mentegoz.com/portfolio-details/brainzone-academy.html]
[www.mentegoz.com/upload/project/lightlogo/1702044123.png]
[www.mentegoz.com/upload/project/darklogo/1702044123.png]
[www.mentegoz.com/upload/project/banner/bnr1702044123.webp]
[www.mentegoz.com/portfolio-details/goldmine-sanger.html]
[www.mentegoz.com/web/assets/js/paralx.js]
[www.mentegoz.com/upload/project/lightlogo/1702276083.png]
[www.mentegoz.com/upload/project/darklogo/1702276083.png]
[www.mentegoz.com/upload/project/banner/bnr1702040416.webp]
[www.mentegoz.com/upload/project_image/gallery/1702040491.webp]
[www.mentegoz.com/upload/project_image/gallery/1702040518.webp]
[www.mentegoz.com/portfolio-details/jinchu-art.html]
[www.mentegoz.com/upload/project/darklogo/1711777757.svg]
[www.mentegoz.com/web/assets/webfonts/fa-brands-400.html]
[www.mentegoz.com/web/assets/webfonts/fa-regular-400.html]
[www.mentegoz.com/web/assets/webfonts/fa-regular-401.html]
[www.mentegoz.com/web/assets/webfonts/fa-solid-900.html]
[www.mentegoz.com/web/assets/webfonts/fa-v4compatibility.html]
[www.mentegoz.com/web/assets/webfonts/fa-v4compatibility-2.html]
